hello
world
it's me
